Fetching new Facebook events...
